exports[`test Play/Block  1`] = `
<div
  className="Play"
  style={
    Object {
      "height": 150,
      "width": 150,
    }
  }>
  <div
    className="blocks">
    <div
      className="block"
      onClick={[Function]}
      style={
        Object {
          "width": 50,
        }
      } />
    <div
      className="block gem"
      onClick={[Function]}
      style={
        Object {
          "width": 50,
        }
      } />
    <div
      className="block gem"
      onClick={[Function]}
      style={
        Object {
          "width": 50,
        }
      } />
    <div
      className="block gem"
      onClick={[Function]}
      style={
        Object {
          "width": 50,
        }
      } />
    <div
      className="block"
      onClick={[Function]}
      style={
        Object {
          "width": 50,
        }
      } />
  </div>
</div>
`;
